#
# There is insufficient memory for the Java Runtime Environment to continue.
# Native memory allocation (mmap) failed to map 130023424 bytes. Error detail: G1 virtual space
# Possible reasons:
#   The system is out of physical RAM or swap space
#   This process is running with CompressedOops enabled, and the Java Heap may be blocking the growth of the native heap
# Possible solutions:
#   Reduce memory load on the system
#   Increase physical memory or swap space
#   Check if swap backing store is full
#   Decrease Java heap size (-Xmx/-Xms)
#   Decrease number of Java threads
#   Decrease Java thread stack sizes (-Xss)
#   Set larger code cache with -XX:ReservedCodeCacheSize=
#   JVM is running with Unscaled Compressed Oops mode in which the Java heap is
#     placed in the first 4GB address space. The Java Heap base address is the
#     maximum limit for the native heap growth. Please use -XX:HeapBaseMinAddress
#     to set the Java Heap base and to place the Java Heap above 4GB virtual address.
# This output file may be truncated or incomplete.
#
#  Out of Memory Error (os_windows.cpp:3732), pid=23872, tid=7632
#
# JRE version:  (21.0.12+8) (build )
# Java VM: OpenJDK 64-Bit Server VM (21.0.12+8-LTS, mixed mode, sharing, tiered, compressed oops, compressed class ptrs, g1 gc, windows-amd64)
# No core dump will be written. Minidumps are not enabled by default on client versions of Windows
#

---------------  S U M M A R Y ------------

Command Line: c:\Users\Temilade\.vscode\extensions\bugzi.bugzi-1.2.12\server\bugzilint-server-1.0-SNAPSHOT.jar -stdio

Host: 12th Gen Intel(R) Core(TM) i7-1255U, 12 cores, 7G,  Windows 11 , 64 bit Build 26100 (10.0.26100.9168)
Time: Tue Sep  8 17:04:00 2026 W. Central Africa Standard Time elapsed time: 2.150453 seconds (0d 0h 0m 2s)

---------------  T H R E A D  ---------------

Current thread (0x0000012d41ee4320):  JavaThread "Unknown thread" [_thread_in_vm, id=7632, stack(0x0000000e18300000,0x0000000e18400000) (1024K)]

Stack: [0x0000000e18300000,0x0000000e18400000]
Native frames: (J=compiled Java code, j=interpreted, Vv=VM code, C=native code)
V  [jvm.dll+0x6e0e29]
V  [jvm.dll+0x8bdddb]
V  [jvm.dll+0x8c036d]
V  [jvm.dll+0x8c0a43]
V  [jvm.dll+0x28b406]
V  [jvm.dll+0x6dd785]
V  [jvm.dll+0x6d151a]
V  [jvm.dll+0x365fce]
V  [jvm.dll+0x36de9b]
V  [jvm.dll+0x3bfa49]
V  [jvm.dll+0x3bfceb]
V  [jvm.dll+0x339df7]
V  [jvm.dll+0x33a941]
V  [jvm.dll+0x88835e]
V  [jvm.dll+0x3cc9a1]
V  [jvm.dll+0x87124c]
V  [jvm.dll+0x45fe11]
V  [jvm.dll+0x461a51]
C  [jli.dll+0x52f4]
C  [ucrtbase.dll+0x2cd30]
C  [KERNEL32.DLL+0x2ccb7]
C  [ntdll.dll+0xaad6c]


---------------  P R O C E S S  ---------------

Threads class SMR info:
_java_thread_list=0x00007ffa8a074208, length=0, elements={
}

Java Threads: ( => current thread )
Total: 0

Other Threads:
  0x0000012d442c67a0 WorkerThread "GC Thread#0"                     [id=17392, stack(0x0000000e18400000,0x0000000e18500000) (1024K)]
  0x0000012d442d9a90 ConcurrentGCThread "G1 Main Marker"            [id=8680, stack(0x0000000e18500000,0x0000000e18600000) (1024K)]
  0x0000012d442dc4b0 WorkerThread "G1 Conc#0"                       [id=22356, stack(0x0000000e18600000,0x0000000e18700000) (1024K)]

[error occurred during error reporting (printing all threads), id 0xc0000005, EXCEPTION_ACCESS_VIOLATION (0xc0000005) at pc=0x00007ffa8976cb97]
VM state: not at safepoint (not fully initialized)

VM Mutex/Monitor currently owned by a thread:  ([mutex/lock_event])
[0x00007ffa8a0e86c0] Heap_lock - owner thread: 0x0000012d41ee4320

Heap address: 0x0000000085a00000, size: 1958 MB, Compressed Oops mode: 32-bit

CDS archive(s) mapped at: [0x0000000000000000-0x0000000000000000-0x0000000000000000), size 0, SharedBaseAddress: 0x0000000800000000, ArchiveRelocationMode: 1.
Narrow klass base: 0x0000000000000000, Narrow klass shift: 0, Narrow klass range: 0x0

GC Precious Log:
 CardTable entry size: 512
 Card Set container configuration: InlinePtr #cards 5 size 8 Array Of Cards #cards 12 size 40 Howl #buckets 4 coarsen threshold 1843 Howl Bitmap #cards 512 size 80 coarsen threshold 460 Card regions per heap region 1 cards per card region 2048

Heap:
 garbage-first heap   total 0K, used 0K [0x0000000085a00000, 0x0000000100000000)
  region size 1024K, 0 young (0K), 0 survivors (0K)

[error occurred during error reporting (printing heap information), id 0xc0000005, EXCEPTION_ACCESS_VIOLATION (0xc0000005) at pc=0x00007ffa89b5ab59]
GC Heap History (0 events):
No events

Dll operation events (2 events):
Event: 0.070 Attempting to load shared library C:\Program Files\Amazon Corretto\jdk21.0.12_8\bin\java.dll
Event: 0.072 Loaded shared library C:\Program Files\Amazon Corretto\jdk21.0.12_8\bin\java.dll

Deoptimization events (0 events):
No events

Classes loaded (0 events):
No events

Classes unloaded (0 events):
No events

Classes redefined (0 events):
No events

Internal exceptions (0 events):
No events

ZGC Phase Switch (0 events):
No events

VM Operations (0 events):
No events

Memory protections (0 events):
No events

Nmethod flushes (0 events):
No events

Events (0 events):
No events


Dynamic libraries:
0x00007ff727b10000 - 0x00007ff727b1e000 	C:\Program Files\Amazon Corretto\jdk21.0.12_8\bin\java.exe
0x00007ffb3e980000 - 0x00007ffb3ebe6000 	C:\WINDOWS\SYSTEM32\ntdll.dll
0x00007ffb3e650000 - 0x00007ffb3e719000 	C:\WINDOWS\System32\KERNEL32.DLL
0x00007ffb3c1e0000 - 0x00007ffb3c5df000 	C:\WINDOWS\System32\KERNELBASE.dll
0x00007ffb38490000 - 0x00007ffb3852f000 	C:\WINDOWS\SYSTEM32\apphelp.dll
0x00007ffb3bb90000 - 0x00007ffb3bcdc000 	C:\WINDOWS\System32\ucrtbase.dll
0x00007ffb1d040000 - 0x00007ffb1d05e000 	C:\Program Files\Amazon Corretto\jdk21.0.12_8\bin\VCRUNTIME140.dll
0x00007ffb1d020000 - 0x00007ffb1d038000 	C:\Program Files\Amazon Corretto\jdk21.0.12_8\bin\jli.dll
0x00007ffb3cab0000 - 0x00007ffb3cc76000 	C:\WINDOWS\System32\USER32.dll
0x00007ffb3bdb0000 - 0x00007ffb3bdd7000 	C:\WINDOWS\System32\win32u.dll
0x00007ffb3e7f0000 - 0x00007ffb3e81b000 	C:\WINDOWS\System32\GDI32.dll
0x00007ffb3be70000 - 0x00007ffb3bf99000 	C:\WINDOWS\System32\gdi32full.dll
0x00007ffb3c130000 - 0x00007ffb3c1d3000 	C:\WINDOWS\System32\msvcp_win.dll
0x00007ffb11bd0000 - 0x00007ffb11e61000 	C:\WINDOWS\WinSxS\amd64_microsoft.windows.common-controls_6595b64144ccf1df_6.0.26100.8972_none_3e0da176e32f9d4b\COMCTL32.dll
0x00007ffb3d880000 - 0x00007ffb3d929000 	C:\WINDOWS\System32\msvcrt.dll
0x00007ffb3c990000 - 0x00007ffb3c9c2000 	C:\WINDOWS\System32\IMM32.DLL
0x00007ffb33e70000 - 0x00007ffb33e7c000 	C:\Program Files\Amazon Corretto\jdk21.0.12_8\bin\vcruntime140_1.dll
0x00007ffb11340000 - 0x00007ffb113c9000 	C:\Program Files\Amazon Corretto\jdk21.0.12_8\bin\msvcp140.dll
0x00007ffa89420000 - 0x00007ffa8a1ca000 	C:\Program Files\Amazon Corretto\jdk21.0.12_8\bin\server\jvm.dll
0x00007ffb3dea0000 - 0x00007ffb3df5c000 	C:\WINDOWS\System32\ADVAPI32.dll
0x00007ffb3c8b0000 - 0x00007ffb3c95a000 	C:\WINDOWS\System32\sechost.dll
0x00007ffb3e300000 - 0x00007ffb3e418000 	C:\WINDOWS\System32\RPCRT4.dll
0x00007ffb3cc80000 - 0x00007ffb3cd02000 	C:\WINDOWS\System32\WS2_32.dll
0x00007ffb33920000 - 0x00007ffb3392b000 	C:\WINDOWS\SYSTEM32\VERSION.dll
0x00007ffb3b9f0000 - 0x00007ffb3ba4e000 	C:\WINDOWS\SYSTEM32\POWRPROF.dll
0x00007ffb360b0000 - 0x00007ffb360e6000 	C:\WINDOWS\SYSTEM32\WINMM.dll
0x00007ffb3b9d0000 - 0x00007ffb3b9e5000 	C:\WINDOWS\SYSTEM32\UMPDC.dll
0x00007ffb3a840000 - 0x00007ffb3a85b000 	C:\WINDOWS\SYSTEM32\kernel.appcore.dll
0x00007ffb33170000 - 0x00007ffb3317a000 	C:\Program Files\Amazon Corretto\jdk21.0.12_8\bin\jimage.dll
0x00007ffb39330000 - 0x00007ffb39572000 	C:\WINDOWS\SYSTEM32\DBGHELP.DLL
0x00007ffb3df70000 - 0x00007ffb3e2f5000 	C:\WINDOWS\System32\combase.dll
0x00007ffb3d930000 - 0x00007ffb3da09000 	C:\WINDOWS\System32\OLEAUT32.dll
0x00007ffb2f240000 - 0x00007ffb2f27b000 	C:\WINDOWS\SYSTEM32\dbgcore.DLL
0x00007ffb3bcf0000 - 0x00007ffb3bd9c000 	C:\WINDOWS\System32\bcryptPrimitives.dll
0x00007ffb1a4f0000 - 0x00007ffb1a511000 	C:\Program Files\Amazon Corretto\jdk21.0.12_8\bin\java.dll

JVMTI agents: none

dbghelp: loaded successfully - version: 4.0.5 - missing functions: none
symbol engine: initialized successfully - sym options: 0x614 - pdb path: .;C:\Program Files\Amazon Corretto\jdk21.0.12_8\bin;C:\WINDOWS\SYSTEM32;C:\WINDOWS\WinSxS\amd64_microsoft.windows.common-controls_6595b64144ccf1df_6.0.26100.8972_none_3e0da176e32f9d4b;C:\Program Files\Amazon Corretto\jdk21.0.12_8\bin\server

VM Arguments:
java_command: c:\Users\Temilade\.vscode\extensions\bugzi.bugzi-1.2.12\server\bugzilint-server-1.0-SNAPSHOT.jar -stdio
java_class_path (initial): c:\Users\Temilade\.vscode\extensions\bugzi.bugzi-1.2.12\server\bugzilint-server-1.0-SNAPSHOT.jar
Launcher Type: SUN_STANDARD

[Global flags]
     intx CICompilerCount                          = 4                                         {product} {ergonomic}
     uint ConcGCThreads                            = 3                                         {product} {ergonomic}
     uint G1ConcRefinementThreads                  = 10                                        {product} {ergonomic}
   size_t G1HeapRegionSize                         = 1048576                                   {product} {ergonomic}
    uintx GCDrainStackTargetSize                   = 64                                        {product} {ergonomic}
   size_t InitialHeapSize                          = 130023424                                 {product} {ergonomic}
   size_t MarkStackSize                            = 4194304                                   {product} {ergonomic}
   size_t MaxHeapSize                              = 2053111808                                {product} {ergonomic}
   size_t MinHeapDeltaBytes                        = 1048576                                   {product} {ergonomic}
   size_t MinHeapSize                              = 8388608                                   {product} {ergonomic}
    uintx NonNMethodCodeHeapSize                   = 5839372                                {pd product} {ergonomic}
    uintx NonProfiledCodeHeapSize                  = 122909434                              {pd product} {ergonomic}
    uintx ProfiledCodeHeapSize                     = 122909434                              {pd product} {ergonomic}
    uintx ReservedCodeCacheSize                    = 251658240                              {pd product} {ergonomic}
     bool SegmentedCodeCache                       = true                                      {product} {ergonomic}
   size_t SoftMaxHeapSize                          = 2053111808                             {manageable} {ergonomic}
     bool UseCompressedOops                        = true                           {product lp64_product} {ergonomic}
     bool UseG1GC                                  = true                                      {product} {ergonomic}
     bool UseLargePagesIndividualAllocation        = false                                  {pd product} {ergonomic}

Logging:
Log output configuration:
 #0: stdout all=warning uptime,level,tags foldmultilines=false
 #1: stderr all=off uptime,level,tags foldmultilines=false

Release file:
<release file has not been read>
Environment Variables:
JAVA_HOME=C:\Program Files\Amazon Corretto\jdk21.0.12_8
PATH=C:\Program Files\Amazon Corretto\jdk21.0.12_8\bin;C:\Program Files\Eclipse Adoptium\jdk-21.0.12.8-hotspot\bin;C:\Program Files\Eclipse Adoptium\jdk-11.0.32.9-hotspot\bin;C:\Program Files\Amazon Corretto\jdk11.0.32_9\bin;C:\Program Files\Amazon Corretto\jdk17.0.20_8\bin;C:\Program Files\Eclipse Adoptium\jdk-17.0.20.8-hotspot\bin;C:\Program Files\Amazon Corretto\jdk1.8.0_502\bin;C:\Program Files (x86)\Amazon Corretto\jdk1.8.0_502\bin;C:\Program Files (x86)\Eclipse Adoptium\jdk-8.0.472.8-hotspot\bin;C:\Program Files\Eclipse Adoptium\jdk-8.0.502.7-hotspot\bin;C:\Program Files\Eclipse Adoptium\jre-21.0.12.8-hotspot\bin;C:\Program Files\Eclipse Adoptium\jre-8.0.502.7-hotspot\bin;C:\Program Files\Eclipse Adoptium\jre-17.0.20.8-hotspot\bin;C:\Program Files\Eclipse Adoptium\jre-11.0.32.9-hotspot\bin;C:\Program Files (x86)\Eclipse Adoptium\jre-8.0.472.8-hotspot\bin;C:\WINDOWS\system32;C:\WINDOWS;C:\WINDOWS\System32\Wbem;C:\WINDOWS\System32\WindowsPowerShell\v1.0\;C:\WINDOWS\System32\OpenSSH\;C:\Program Files\dotnet\;C:\Program Files\Git\cmd;C:\Program Files\nodejs\;c:\Users\Temilade\AppData\Local\Programs\cursor\resources\app\codeBin;C:\Users\Temilade\AppData\Local\Microsoft\WindowsApps;C:\Users\Temilade\AppData\Local\Programs\Kiro\bin;C:\Users\Temilade\AppData\Local\Programs\cursor\resources\app\bin;C:\Users\Temilade\AppData\Local\Python\bin;C:\Users\Temilade\AppData\Local\Programs\Microsoft VS Code\bin;C:\Users\Temilade\AppData\Local\Programs\Zed\bin;C:\Users\Temilade\AppData\Roaming\npm;C:\Users\Temilade\AppData\Local\Google\Cloud SDK\google-cloud-sdk\bin
USERNAME=Temilade
OS=Windows_NT
PROCESSOR_IDENTIFIER=Intel64 Family 6 Model 154 Stepping 4, GenuineIntel
TMP=C:\Users\Temilade\AppData\Local\Temp
TEMP=C:\Users\Temilade\AppData\Local\Temp




Periodic native trim disabled

---------------  S Y S T E M  ---------------

OS:
 Windows 11 , 64 bit Build 26100 (10.0.26100.9168)
OS uptime: 13 days 2:19 hours
Hyper-V role detected

CPU: total 12 (initial active 12) (6 cores per cpu, 2 threads per core) family 6 model 154 stepping 4 microcode 0x43b, cx8, cmov, fxsr, ht, mmx, 3dnowpref, sse, sse2, sse3, ssse3, sse4.1, sse4.2, popcnt, lzcnt, tsc, tscinvbit, avx, avx2, aes, erms, clmul, bmi1, bmi2, adx, sha, fma, vzeroupper, clflush, clflushopt, clwb, hv, serialize, rdtscp, rdpid, fsrm, f16c, cet_ibt, cet_ss
Processor Information for processor 0
  Max Mhz: 1700, Current Mhz: 1457, Mhz Limit: 1700
Processor Information for processor 1
  Max Mhz: 1700, Current Mhz: 1700, Mhz Limit: 1700
Processor Information for processor 2
  Max Mhz: 1700, Current Mhz: 1700, Mhz Limit: 1700
Processor Information for processor 3
  Max Mhz: 1700, Current Mhz: 1457, Mhz Limit: 1700
Processor Information for processor 4
  Max Mhz: 1700, Current Mhz: 1700, Mhz Limit: 1700
Processor Information for processor 5
  Max Mhz: 1700, Current Mhz: 1558, Mhz Limit: 1700
Processor Information for processor 6
  Max Mhz: 1700, Current Mhz: 1558, Mhz Limit: 1700
Processor Information for processor 7
  Max Mhz: 1700, Current Mhz: 1558, Mhz Limit: 1700
Processor Information for processor 8
  Max Mhz: 1700, Current Mhz: 1558, Mhz Limit: 1700
Processor Information for processor 9
  Max Mhz: 1700, Current Mhz: 1558, Mhz Limit: 1700
Processor Information for processor 10
  Max Mhz: 1700, Current Mhz: 1558, Mhz Limit: 1700
Processor Information for processor 11
  Max Mhz: 1700, Current Mhz: 1558, Mhz Limit: 1700

Memory: 4k page, system-wide physical 7824M (680M free)
TotalPageFile size 31376M (AvailPageFile size 0M)
current process WorkingSet (physical memory assigned to process): 13M, peak: 13M
current process commit charge ("private bytes"): 64M, peak: 188M

vm_info: OpenJDK 64-Bit Server VM (21.0.12+8-LTS) for windows-amd64 JRE (21.0.12+8-LTS), built on 2026-07-15T20:38:56Z by "Administrator" with MS VC++ 17.14 (VS2022)

END.
